src/App.tsx(196,31): error TS6133: 'url' is declared but its value is never read.
src/components/AccountManagement.tsx(151,9): error TS6133: 'userIsAdmin' is declared but its value is never read.
src/components/AddCustomerDialog.tsx(20,20): error TS6133: 'CustomerClassification' is declared but its value is never read.
src/components/AddCustomerDialog.tsx(53,10): error TS6133: 'storePhoto' is declared but its value is never read.
src/components/AddCustomerDialog.tsx(107,8): error TS6133: 'error' is declared but its value is never read.
src/components/AddCustomerDialog.tsx(222,24): error TS2345: Argument of type '{ name: string; phone: string; address: string; full_address: string | undefined; latitude: number | undefined; longitude: number | undefined; jumlah_galon_titip: number; classification: "Rumahan" | ... 1 more ... | null; store_photo_url: string; }' is not assignable to parameter of type 'Omit<Customer, "id" | "createdAt" | "orderCount">'.
  Types of property 'classification' are incompatible.
    Type '"Rumahan" | "Kios/Toko" | null' is not assignable to type 'CustomerClassification | undefined'.
      Type 'null' is not assignable to type 'CustomerClassification | undefined'.
src/components/AddDebtDialog.tsx(23,10): error TS6133: 'getOfficeTime' is declared but its value is never read.
src/components/AddManualReceivableDialog.tsx(19,10): error TS6133: 'formatNumberWithCommas' is declared but its value is never read.
src/components/AddStockDialog.tsx(7,1): error TS6133: 'Input' is declared but its value is never read.
src/components/AppErrorBoundary.tsx(1,8): error TS6133: 'React' is declared but its value is never read.
src/components/AssetDialog.tsx(26,26): error TS6133: 'isLoading' is declared but its value is never read.
src/components/BackupRestoreDialog.tsx(14,53): error TS6133: 'CheckCircle2' is declared but its value is never read.
src/components/BackupRestoreDialog.tsx(33,10): error TS6133: 'selectedFile' is declared but its value is never read.
src/components/CameraUpload.tsx(27,10): error TS6133: 'previewImages' is declared but its value is never read.
src/components/CameraUpload.tsx(27,25): error TS6133: 'setPreviewImages' is declared but its value is never read.
src/components/ChartOfAccountsTree.tsx(4,28): error TS6133: 'flattenAccountTree' is declared but its value is never read.
src/components/CoaTableView.tsx(3,8): error TS6133: 'React' is declared but its value is never read.
src/components/CoaTableView.tsx(6,1): error TS6133: 'Input' is declared but its value is never read.
src/components/CoaTableView.tsx(183,39): error TS2367: This comparison appears to be unintentional because the types 'NormalBalance | undefined' and '"DEBIT"' have no overlap.
src/components/CustomerMap.tsx(9,42): error TS6133: 'ShoppingCart' is declared but its value is never read.
src/components/CustomerMap.tsx(10,1): error TS6133: 'useNavigate' is declared but its value is never read.
src/components/CustomerMap.tsx(104,10): error TS6133: 'CenterOnUser' is declared but its value is never read.
src/components/CustomerMap.tsx(124,3): error TS6133: 'selectedCustomerId' is declared but its value is never read.
src/components/CustomerPricingManagement.tsx(32,3): error TS6133: 'productName' is declared but its value is never read.
src/components/CustomerSearchDialog.tsx(11,46): error TS6133: 'Loader2' is declared but its value is never read.
src/components/CustomerTable.tsx(13,63): error TS6133: 'Users' is declared but its value is never read.
src/components/CustomerTable.tsx(51,1): error TS6133: 'EditCustomerDialog' is declared but its value is never read.
src/components/DailyBoxReport.tsx(21,9): error TS6133: 'user' is declared but its value is never read.
src/components/Dashboard.tsx(33,32): error TS6133: 'productsLoading' is declared but its value is never read.
src/components/Dashboard.tsx(254,11): error TS6133: 'totalModalAkun' is declared but its value is never read.
src/components/Dashboard.tsx(569,35): error TS6133: 'idx' is declared but its value is never read.
src/components/DateRangeReportPDF.tsx(251,38): error TS2339: Property 'date' does not exist on type 'CashHistory'.
src/components/DebtInstallmentTab.tsx(2,29): error TS6133: 'CardDescription' is declared but its value is never read.
src/components/DebtInstallmentTab.tsx(2,46): error TS6133: 'CardHeader' is declared but its value is never read.
src/components/DebtInstallmentTab.tsx(2,58): error TS6133: 'CardTitle' is declared but its value is never read.
src/components/DebtInstallmentTab.tsx(15,3): error TS6133: 'CreditCard' is declared but its value is never read.
src/components/DeliveryCompletionDialog.tsx(2,1): error TS6133: 'React' is declared but its value is never read.
src/components/DeliveryCompletionDialog.tsx(114,46): error TS6133: 'index' is declared but its value is never read.
src/components/DeliveryCompletionDialog.tsx(175,75): error TS2345: Argument of type 'string | undefined' is not assignable to parameter of type 'string'.
  Type 'undefined' is not assignable to type 'string'.
src/components/DeliveryManagement.tsx(5,1): error TS6133: 'Input' is declared but its value is never read.
src/components/DeliveryManagement.tsx(6,1): error TS6133: 'Label' is declared but its value is never read.
src/components/DeliveryManagement.tsx(7,1): error TS6133: 'Textarea' is declared but its value is never read.
src/components/DeliveryManagement.tsx(8,1): error TS6192: All imports in import declaration are unused.
src/components/DeliveryManagement.tsx(9,1): error TS6192: All imports in import declaration are unused.
src/components/DeliveryManagement.tsx(40,1): error TS6133: 'Checkbox' is declared but its value is never read.
src/components/DeliveryManagement.tsx(44,1): error TS6192: All imports in import declaration are unused.
src/components/DeliveryManagement.tsx(46,1): error TS6133: 'getOfficeTime' is declared but its value is never read.
src/components/DeliveryManagement.tsx(56,51): error TS6133: 'onClose' is declared but its value is never read.
src/components/DeliveryManagement.tsx(56,60): error TS6133: 'embedded' is declared but its value is never read.
src/components/DeliveryManagement.tsx(56,78): error TS6133: 'onDeliveryCreated' is declared but its value is never read.
src/components/DeliveryManagement.tsx(56,97): error TS6133: 'defaultOpen' is declared but its value is never read.
src/components/DeliveryManagement.tsx(59,9): error TS6133: 'timezone' is declared but its value is never read.
src/components/DeliveryManagement.tsx(60,11): error TS6133: 'createDelivery' is declared but its value is never read.
src/components/DeliveryManagement.tsx(60,27): error TS6133: 'createDeliveryNoStock' is declared but its value is never read.
src/components/DeliveryManagement.tsx(61,10): error TS6133: 'isSubmitting' is declared but its value is never read.
src/components/DeliveryManagement.tsx(61,24): error TS6133: 'setIsSubmitting' is declared but its value is never read.
src/components/DeliveryManagement.tsx(70,10): error TS6133: 'formData' is declared but its value is never read.
src/components/DeliveryManagement.tsx(83,23): error TS2339: Property 'isBonus' does not exist on type 'DeliverySummaryItem'.
src/components/DeliveryManagement.tsx(115,27): error TS2339: Property 'isBonus' does not exist on type 'DeliverySummaryItem'.
src/components/DeliveryManagement.tsx(129,9): error TS6133: 'handleItemQuantityChange' is declared but its value is never read.
src/components/DeliveryNotePDF.tsx(4,52): error TS6133: 'DialogFooter' is declared but its value is never read.
src/components/DeliveryNotePDF.tsx(5,10): error TS6133: 'FileDown' is declared but its value is never read.
src/components/DriverDeliveryDialog.tsx(19,32): error TS6133: 'MapPin' is declared but its value is never read.
src/components/DriverDeliveryDialog.tsx(19,55): error TS6133: 'Image' is declared but its value is never read.
src/components/DriverDeliveryDialog.tsx(42,3): error TS6133: 'onOpenChange' is declared but its value is never read.
src/components/DriverDeliveryDialog.tsx(66,44): error TS2339: Property 'length' does not exist on type 'never[] | NonNullable<NoInfer<TQueryFnData>>'.
  Property 'length' does not exist on type 'NonNullable<NoInfer<TQueryFnData>>'.
src/components/DriverDeliveryDialog.tsx(81,65): error TS2339: Property 'length' does not exist on type 'never[] | NonNullable<NoInfer<TQueryFnData>>'.
  Property 'length' does not exist on type 'NonNullable<NoInfer<TQueryFnData>>'.
src/components/EditCustomerDialog.tsx(21,20): error TS6133: 'CustomerClassification' is declared but its value is never read.
src/components/EditCustomerDialog.tsx(139,8): error TS6133: 'error' is declared but its value is never read.
src/components/EditDeliveryDialog.tsx(104,9): error TS2322: Type '{ id: string; quantityDelivered: number; notes: string; }[]' is not assignable to type '{ productId: string; productName: string; quantityDelivered: number; unit?: string | undefined; width?: number | undefined; height?: number | undefined; notes?: string | undefined; isBonus?: boolean | undefined; }[]'.
  Type '{ id: string; quantityDelivered: number; notes: string; }' is missing the following properties from type '{ productId: string; productName: string; quantityDelivered: number; unit?: string | undefined; width?: number | undefined; height?: number | undefined; notes?: string | undefined; isBonus?: boolean | undefined; }': productId, productName
src/components/EditDeliveryDialog.tsx(154,47): error TS2339: Property 'position' does not exist on type 'DeliveryEmployee'.
src/components/EditDeliveryDialog.tsx(174,47): error TS2339: Property 'position' does not exist on type 'DeliveryEmployee'.
src/components/EditPurchaseOrderDialog.tsx(46,1): error TS6133: 'usePurchaseOrders' is declared but its value is never read.
src/components/EditTransactionDialog.tsx(9,1): error TS6133: 'Textarea' is declared but its value is never read.
src/components/EmployeeDialog.tsx(2,21): error TS6133: 'useState' is declared but its value is never read.
src/components/EmployeeDialog.tsx(13,20): error TS6133: 'UserRole' is declared but its value is never read.
src/components/EmployeeDialog.tsx(17,1): error TS6133: 'supabase' is declared but its value is never read.
src/components/EmployeeDialog.tsx(93,29): error TS2345: Argument of type '{ id: string; email: string; role: string; phone: string; address: string; status: "Aktif" | "Tidak Aktif"; name: string; username: string | null; branchId: string; }' is not assignable to parameter of type 'Partial<Employee> & { id: string; }'.
  Type '{ id: string; email: string; role: string; phone: string; address: string; status: "Aktif" | "Tidak Aktif"; name: string; username: string | null; branchId: string; }' is not assignable to type 'Partial<Employee>'.
    Types of property 'role' are incompatible.
      Type 'string' is not assignable to type 'UserRole | undefined'.
src/components/EnhancedAccountManagement.tsx(16,19): error TS6133: 'AccountCategory' is declared but its value is never read.
src/components/EnhancedAccountManagement.tsx(34,3): error TS6133: 'DialogTrigger' is declared but its value is never read.
src/components/EnhancedAccountManagement.tsx(46,24): error TS6133: 'Download' is declared but its value is never read.
src/components/EnhancedAccountManagement.tsx(46,34): error TS6133: 'RefreshCw' is declared but its value is never read.
src/components/EnhancedAccountManagement.tsx(66,21): error TS6133: 'isLoading' is declared but its value is never read.
src/components/EnhancedAccountManagement.tsx(101,31): error TS2345: Argument of type 'NormalBalance' is not assignable to parameter of type '"DEBIT" | "CREDIT" | undefined'.
  Type '"debit"' is not assignable to type '"DEBIT" | "CREDIT" | undefined'. Did you mean '"DEBIT"'?
src/components/EnhancedAccountManagement.tsx(146,9): error TS2322: Type '{ name: string; type: "Aset" | "Kewajiban" | "Modal" | "Pendapatan" | "Beban"; initialBalance: number; isPaymentAccount: boolean; code: string | undefined; parentId: string | undefined; ... 4 more ...; sortOrder: number; }' is not assignable to type 'Partial<Account>'.
  Types of property 'normalBalance' are incompatible.
    Type '"DEBIT" | "CREDIT" | undefined' is not assignable to type 'NormalBalance | undefined'.
      Type '"DEBIT"' is not assignable to type 'NormalBalance | undefined'. Did you mean '"debit"'?
src/components/EnhancedAccountManagement.tsx(175,25): error TS2345: Argument of type '{ name: string; type: "Aset" | "Kewajiban" | "Modal" | "Pendapatan" | "Beban"; balance: number; initialBalance: number; isPaymentAccount: boolean; code: string | undefined; parentId: string | undefined; ... 4 more ...; sortOrder: number; }' is not assignable to parameter of type 'Omit<Account, "id" | "createdAt">'.
  Types of property 'normalBalance' are incompatible.
    Type '"DEBIT" | "CREDIT" | undefined' is not assignable to type 'NormalBalance | undefined'.
      Type '"DEBIT"' is not assignable to type 'NormalBalance | undefined'. Did you mean '"debit"'?
src/components/EnhancedAccountManagement.tsx(196,11): error TS2345: Argument of type '{ name: string; code: string; type: AccountType; balance: number; initialBalance: number; isPaymentAccount: boolean; parentId: string; normalBalance: NormalBalance | "DEBIT"; isHeader: boolean; isActive: boolean; level: number; sortOrder: number; }' is not assignable to parameter of type '{ type: "Aset" | "Kewajiban" | "Modal" | "Pendapatan" | "Beban"; name: string; isActive: boolean; balance: number; initialBalance: number; isPaymentAccount: boolean; level: number; isHeader: boolean; sortOrder: number; code?: string | undefined; parentId?: string | undefined; normalBalance?: "DEBIT" | ... 1 more ......'.
  Types of property 'normalBalance' are incompatible.
    Type 'NormalBalance | "DEBIT"' is not assignable to type '"DEBIT" | "CREDIT" | undefined'.
      Type '"debit"' is not assignable to type '"DEBIT" | "CREDIT" | undefined'. Did you mean '"DEBIT"'?
src/components/EnhancedAccountManagement.tsx(286,9): error TS6133: 'userIsAdmin' is declared but its value is never read.
src/components/EnhancedAccountManagement.tsx(288,9): error TS6133: 'userCanManageCash' is declared but its value is never read.
src/components/EnhancedAccountManagement.tsx(514,77): error TS2345: Argument of type 'NormalBalance' is not assignable to parameter of type '"DEBIT" | "CREDIT" | undefined'.
  Type '"debit"' is not assignable to type '"DEBIT" | "CREDIT" | undefined'. Did you mean '"DEBIT"'?
src/components/EnhancedAccountManagement.tsx(615,77): error TS2345: Argument of type 'NormalBalance' is not assignable to parameter of type '"DEBIT" | "CREDIT" | undefined'.
  Type '"debit"' is not assignable to type '"DEBIT" | "CREDIT" | undefined'. Did you mean '"DEBIT"'?
src/components/ErrorBoundary.tsx(1,8): error TS6133: 'React' is declared but its value is never read.
src/components/GeneralLedgerTable.tsx(3,1): error TS6192: All imports in import declaration are unused.
src/components/GeneralLedgerTable.tsx(38,18): error TS6133: 'isWithinInterval' is declared but its value is never read.
src/components/GeneralLedgerTable.tsx(38,36): error TS6133: 'startOfDay' is declared but its value is never read.
src/components/GeneralLedgerTable.tsx(38,48): error TS6133: 'endOfDay' is declared but its value is never read.
src/components/GeneralLedgerTable.tsx(434,34): error TS6133: 'index' is declared but its value is never read.
src/components/JournalEntryForm.tsx(1,20): error TS6133: 'useEffect' is declared but its value is never read.
src/components/JournalEntryTable.tsx(81,7): error TS6133: 'formatCurrencyNumber' is declared but its value is never read.
src/components/JournalEntryTable.tsx(195,9): error TS6133: 'handlePost' is declared but its value is never read.
src/components/layout/Header.tsx(5,51): error TS6133: 'ShoppingCart' is declared but its value is never read.
src/components/layout/Header.tsx(5,78): error TS6133: 'Box' is declared but its value is never read.
src/components/layout/Header.tsx(25,1): error TS6192: All imports in import declaration are unused.
src/components/layout/Header.tsx(66,86): error TS2551: Property 'PRODUCTION' does not exist on type '{ readonly PRODUCTS: "products"; readonly MATERIALS: "materials"; readonly TRANSACTIONS: "transactions"; readonly CUSTOMERS: "customers"; readonly EMPLOYEES: "employees"; readonly DELIVERIES: "deliveries"; ... 4 more ...; readonly ROLES: "roles"; }'. Did you mean 'PRODUCTS'?
src/components/layout/MobileLayout.tsx(6,31): error TS6133: 'User' is declared but its value is never read.
src/components/layout/MobileLayout.tsx(6,122): error TS6133: 'Check' is declared but its value is never read.
src/components/layout/MobileLayout.tsx(6,129): error TS6133: 'ChevronsUpDown' is declared but its value is never read.
src/components/layout/MobileLayout.tsx(77,9): error TS6133: 'isOwner' is declared but its value is never read.
src/components/layout/Sidebar.tsx(44,3): error TS6133: 'History' is declared but its value is never read.
src/components/MaterialDetail.tsx(11,30): error TS6133: 'TrendingDown' is declared but its value is never read.
src/components/MaterialDetail.tsx(11,55): error TS6133: 'ShoppingCart' is declared but its value is never read.
src/components/MaterialDetail.tsx(11,69): error TS6133: 'FileText' is declared but its value is never read.
src/components/MaterialDetail.tsx(27,11): error TS6133: 'payments' is declared but its value is never read.
src/components/MaterialManagement.tsx(22,51): error TS6133: 'Search' is declared but its value is never read.
src/components/MaterialManagement.tsx(22,62): error TS6133: 'FileText' is declared but its value is never read.
src/components/MaterialManagement.tsx(22,72): error TS6133: 'Printer' is declared but its value is never read.
src/components/MaterialMovementReport.tsx(10,79): error TS6133: 'AlertTriangle' is declared but its value is never read.
src/components/MaterialMovementReport.tsx(17,1): error TS6133: 'MaterialMovement' is declared but its value is never read.
src/components/MaterialMovementReport.tsx(99,13): error TS2367: This comparison appears to be unintentional because the types 'TransactionStatus' and '"Proses Produksi"' have no overlap.
src/components/MaterialMovementReport.tsx(99,57): error TS2367: This comparison appears to be unintentional because the types 'TransactionStatus' and '"Pesanan Selesai"' have no overlap.
src/components/MaterialMovementReport.tsx(146,11): error TS2367: This comparison appears to be unintentional because the types '"PRODUCTION_CONSUMPTION" | "PRODUCTION_ACQUISITION" | "RETURN"' and '"PRODUCTION"' have no overlap.
src/components/MaterialMovementReport.tsx(148,11): error TS2367: This comparison appears to be unintentional because the types '"PRODUCTION_ACQUISITION" | "RETURN"' and '"PRODUCTION_ERROR"' have no overlap.
src/components/MaterialUsageSummaryReport.tsx(121,16): error TS2678: Type '"PRODUCTION_ERROR"' is not comparable to type 'MaterialMovementReason'.
src/components/MaterialUsageSummaryReport.tsx(125,16): error TS2678: Type '"PRODUCTION_DELETE_RESTORE"' is not comparable to type 'MaterialMovementReason'.
src/components/MigrationTransactionDialog.tsx(11,1): error TS6133: 'Badge' is declared but its value is never read.
src/components/MigrationTransactionDialog.tsx(20,10): error TS6133: 'getOfficeTime' is declared but its value is never read.
src/components/MigrationTransactionDialog.tsx(190,57): error TS2345: Argument of type '"migration"' is not assignable to parameter of type '"kasir" | "supir"'.
src/components/MobileCreatePOSheet.tsx(37,11): error TS2339: Property 'createPurchaseOrder' does not exist on type '{ purchaseOrders: PurchaseOrder[] | undefined; isLoading: boolean; addPurchaseOrder: UseMutationResult<PurchaseOrder, Error, any, unknown>; updatePoStatus: UseMutationResult<...>; payPurchaseOrder: UseMutationResult<...>; receivePurchaseOrder: UseMutationResult<...>; deletePurchaseOrder: UseMutationResult<...>; }'.
src/components/MobileCustomerView.tsx(3,20): error TS6133: 'useRef' is declared but its value is never read.
src/components/MobileCustomerView.tsx(4,29): error TS6133: 'CardHeader' is declared but its value is never read.
src/components/MobileCustomerView.tsx(4,41): error TS6133: 'CardTitle' is declared but its value is never read.
src/components/MobileCustomerView.tsx(17,3): error TS6133: 'Upload' is declared but its value is never read.
src/components/MobilePosForm.tsx(8,29): error TS6133: 'CardDescription' is declared but its value is never read.
src/components/MobilePosForm.tsx(10,1): error TS6192: All imports in import declaration are unused.
src/components/MobilePosForm.tsx(11,1): error TS6192: All imports in import declaration are unused.
src/components/MobilePosForm.tsx(12,10): error TS6133: 'PlusCircle' is declared but its value is never read.
src/components/MobilePosForm.tsx(12,22): error TS6133: 'Trash2' is declared but its value is never read.
src/components/MobilePosForm.tsx(12,56): error TS6133: 'FileText' is declared but its value is never read.
src/components/MobilePosForm.tsx(12,73): error TS6133: 'ChevronsUpDown' is declared but its value is never read.
src/components/MobilePosForm.tsx(12,103): error TS6133: 'Calculator' is declared but its value is never read.
src/components/MobilePosForm.tsx(14,1): error TS6133: 'format' is declared but its value is never read.
src/components/MobilePosForm.tsx(17,1): error TS6133: 'Textarea' is declared but its value is never read.
src/components/MobilePosForm.tsx(28,1): error TS6133: 'DateTimePicker' is declared but its value is never read.
src/components/MobilePosForm.tsx(30,1): error TS6133: 'User' is declared but its value is never read.
src/components/MobilePosForm.tsx(52,9): error TS6133: 'location' is declared but its value is never read.
src/components/MobilePosForm.tsx(55,32): error TS6133: 'isLoadingProducts' is declared but its value is never read.
src/components/MobilePosForm.tsx(59,9): error TS6133: 'customers' is declared but its value is never read.
src/components/MobilePosForm.tsx(64,21): error TS6133: 'setOrderDate' is declared but its value is never read.
src/components/MobilePosForm.tsx(65,22): error TS6133: 'setFinishDate' is declared but its value is never read.
src/components/MobilePosForm.tsx(66,22): error TS6133: 'setDesignerId' is declared but its value is never read.
src/components/MobilePosForm.tsx(67,22): error TS6133: 'setOperatorId' is declared but its value is never read.
src/components/MobilePosForm.tsx(78,10): error TS6133: 'openProductDropdowns' is declared but its value is never read.
src/components/MobilePosForm.tsx(78,32): error TS6133: 'setOpenProductDropdowns' is declared but its value is never read.
src/components/MobilePosForm.tsx(79,10): error TS6133: 'isPaymentSheetOpen' is declared but its value is never read.
src/components/MobilePosForm.tsx(79,30): error TS6133: 'setIsPaymentSheetOpen' is declared but its value is never read.
src/components/MobilePosForm.tsx(92,9): error TS6133: 'designers' is declared but its value is never read.
src/components/MobilePosForm.tsx(93,9): error TS6133: 'operators' is declared but its value is never read.
src/components/MobilePosForm.tsx(126,9): error TS6133: 'handleAddItem' is declared but its value is never read.
src/components/MobilePosForm.tsx(146,9): error TS6133: 'handleNumberInputChange' is declared but its value is never read.
src/components/MobilePosForm.tsx(159,9): error TS6133: 'handleDiskonChange' is declared but its value is never read.
src/components/MobilePosForm.tsx(171,9): error TS6133: 'handlePaidAmountChange' is declared but its value is never read.
src/components/MobilePosForm.tsx(256,9): error TS6133: 'updateItemWithBonuses' is declared but its value is never read.
src/components/MobilePosForm.tsx(314,9): error TS6133: 'addNewItemWithBonuses' is declared but its value is never read.
src/components/MobilePosForm.tsx(590,11): error TS2739: Type '{ id: string; customerId: string; customerName: string; cashierId: string; cashierName: string; salesId: string | null; salesName: string | null; designerId: string | null; operatorId: string | null; ... 7 more ...; status: "Pesanan Masuk"; }' is missing the following properties from type 'Omit<Transaction, "createdAt">': subtotal, ppnEnabled, ppnPercentage, ppnAmount
src/components/MobileReceiveGoodsSheet.tsx(5,1): error TS6133: 'Badge' is declared but its value is never read.
src/components/MobileWarehouseView.tsx(8,19): error TS6133: 'AlertTriangle' is declared but its value is never read.
src/components/MobileWarehouseView.tsx(8,84): error TS6133: 'CheckCircle2' is declared but its value is never read.
src/components/NearbyCustomerList.tsx(72,10): error TS6133: 'isLoading' is declared but its value is never read.
src/components/NetworkErrorBoundary.tsx(1,8): error TS6133: 'React' is declared but its value is never read.
src/components/NetworkErrorBoundary.tsx(20,5): error TS2741: Property 'isRetrying' is missing in type '{ hasError: true; error: Error; }' but required in type 'State'.
src/components/PayMaterialBillDialog.tsx(21,1): error TS6133: 'format' is declared but its value is never read.
src/components/PayMaterialBillDialog.tsx(22,1): error TS6133: 'idLocale' is declared but its value is never read.
src/components/PaymentConfirmationDialog.tsx(8,1): error TS6133: 'Label' is declared but its value is never read.
src/components/PaymentConfirmationDialog.tsx(54,9): error TS6133: 'selectedAccount' is declared but its value is never read.
src/components/PaymentHistoryTable.tsx(13,20): error TS6133: 'Download' is declared but its value is never read.
src/components/PaymentHistoryTable.tsx(13,38): error TS6133: 'Trash2' is declared but its value is never read.
src/components/PaymentHistoryTable.tsx(120,31): error TS6133: 'index' is declared but its value is never read.
src/components/PayReceivableDialog.tsx(14,1): error TS6133: 'useTransactions' is declared but its value is never read.
src/components/PayReceivableDialog.tsx(22,1): error TS6133: 'getOfficeDateString' is declared but its value is never read.
src/components/PayReceivableDialog.tsx(56,9): error TS6133: 'timezone' is declared but its value is never read.
src/components/PayrollRecordDialog.tsx(3,20): error TS6133: 'useEffect' is declared but its value is never read.
src/components/PayrollRecordDialog.tsx(11,29): error TS6133: 'CardDescription' is declared but its value is never read.
src/components/PayrollRecordDialog.tsx(36,11): error TS2339: Property 'calculatePayrollWithAdvances' does not exist on type '{ payrollRecords: PayrollRecord[] | undefined; isLoading: boolean; createPayrollRecord: UseMutationResult<any, Error, PayrollFormData & { salaryDeduction?: number | undefined; }, unknown>; updatePayrollRecord: UseMutationResult<...>; approvePayrollRecord: UseMutationResult<...>; processPayment: UseMutationResult<......'.
src/components/PayrollRecordDialog.tsx(173,9): error TS6133: 'paymentAccount' is declared but its value is never read.
src/components/PosForm.tsx(7,1): error TS6133: 'Label' is declared but its value is never read.
src/components/PosForm.tsx(9,74): error TS6133: 'CommandList' is declared but its value is never read.
src/components/PosForm.tsx(11,10): error TS6133: 'PlusCircle' is declared but its value is never read.
src/components/PosForm.tsx(11,38): error TS6133: 'UserPlus' is declared but its value is never read.
src/components/PosForm.tsx(11,56): error TS6133: 'FileText' is declared but its value is never read.
src/components/PosForm.tsx(11,89): error TS6133: 'Percent' is declared but its value is never read.
src/components/PosForm.tsx(13,1): error TS6133: 'format' is declared but its value is never read.
src/components/PosForm.tsx(15,1): error TS6133: 'Switch' is declared but its value is never read.
src/components/PosForm.tsx(16,10): error TS6133: 'calculatePPN' is declared but its value is never read.
src/components/PosForm.tsx(18,1): error TS6192: All imports in import declaration are unused.
src/components/PosForm.tsx(19,1): error TS6133: 'Textarea' is declared but its value is never read.
src/components/PosForm.tsx(35,1): error TS6133: 'User' is declared but its value is never read.
src/components/PosForm.tsx(38,1): error TS6133: 'supabase' is declared but its value is never read.
src/components/PosForm.tsx(40,1): error TS6192: All imports in import declaration are unused.
src/components/PosForm.tsx(42,1): error TS6133: 'Link' is declared but its value is never read.
src/components/PosForm.tsx(63,9): error TS6133: 'location' is declared but its value is never read.
src/components/PosForm.tsx(68,9): error TS6133: 'queryClient' is declared but its value is never read.
src/components/PosForm.tsx(69,32): error TS6133: 'isLoadingProducts' is declared but its value is never read.
src/components/PosForm.tsx(74,9): error TS6133: 'users' is declared but its value is never read.
src/components/PosForm.tsx(105,10): error TS6133: 'showPaymentDetails' is declared but its value is never read.
src/components/PosForm.tsx(105,30): error TS6133: 'setShowPaymentDetails' is declared but its value is never read.
src/components/PosForm.tsx(234,11): error TS2322: Type 'null' is not assignable to type 'number | undefined'.
src/components/PosForm.tsx(268,11): error TS2322: Type 'number | null' is not assignable to type 'number | undefined'.
  Type 'null' is not assignable to type 'number | undefined'.
src/components/PosForm.tsx(427,9): error TS6133: 'handleAddItem' is declared but its value is never read.
src/components/PosForm.tsx(435,11): error TS6133: 'targetItem' is declared but its value is never read.
src/components/PosForm.tsx(1036,77): error TS2304: Cannot find name 'isOutOfStock'.
src/components/PrintReceiptDialog.tsx(513,9): error TS6133: 'handleThermalPrint' is declared but its value is never read.
src/components/PrintReceiptDialog.tsx(714,79): error TS6133: 'idx' is declared but its value is never read.
src/components/PrintReceiptDialog.tsx(916,11): error TS6133: 'RIGHT' is declared but its value is never read.
src/components/PrintReceiptDialog.tsx(921,11): error TS6133: 'CUT' is declared but its value is never read.
src/components/ProductAnalyticsDebug.tsx(6,10): error TS6133: 'format' is declared but its value is never read.
src/components/ProductAnalyticsDebug.tsx(7,1): error TS6133: 'id' is declared but its value is never read.
src/components/ProductAnalyticsDebug.tsx(60,9): error TS6133: 'sortedByRevenue' is declared but its value is never read.
src/components/ProductPricingManagement.tsx(34,44): error TS6133: 'refetch' is declared but its value is never read.
src/components/PurchaseOrderPDF.tsx(4,20): error TS6133: 'Printer' is declared but its value is never read.
src/components/PurchaseOrderPDF.tsx(18,51): error TS6133: 'children' is declared but its value is never read.
src/components/PurchaseOrderPDF.tsx(28,9): error TS6133: 'fetchPoItems' is declared but its value is never read.
src/components/PurchaseOrderTable.tsx(53,54): error TS6133: 'receivePurchaseOrder' is declared but its value is never read.
src/components/ReceivablesReportPDF.tsx(2,1): error TS6133: 'React' is declared but its value is never read.
src/components/ReceivablesReportPDF.tsx(9,20): error TS6133: 'Printer' is declared but its value is never read.
src/components/ReceivablesTable.tsx(3,65): error TS6133: 'Row' is declared but its value is never read.
src/components/ReceivablesTable.tsx(15,98): error TS6133: 'Filter' is declared but its value is never read.
src/components/ReceivablesTable.tsx(15,106): error TS6133: 'Printer' is declared but its value is never read.
src/components/ReceivablesTable.tsx(23,1): error TS6133: 'isOwner' is declared but its value is never read.
src/components/ReceivablesTable.tsx(69,44): error TS2367: This comparison appears to be unintentional because the types '"Lunas" | "Kredit"' and '"Partial"' have no overlap.
src/components/ReceivablesTable.tsx(106,9): error TS6133: 'receivableIds' is declared but its value is never read.
src/components/ReceivablesTable.tsx(112,9): error TS6133: 'isLoadingHistory' is declared but its value is never read.
src/components/ReceivablesTable.tsx(181,52): error TS7015: Element implicitly has an 'any' type because index expression is not of type 'number'.
src/components/ReceivablesTable.tsx(281,13): error TS6133: 'status' is declared but its value is never read.
src/components/ReceivablesTable.tsx(380,44): error TS2367: This comparison appears to be unintentional because the types '"Lunas" | "Kredit"' and '"Partial"' have no overlap.
src/components/ReceiveGoodsTab.tsx(46,51): error TS6133: 'queryError' is declared but its value is never read.
src/components/ReceivePODialog.tsx(4,1): error TS6133: 'Input' is declared but its value is never read.
src/components/ResetDatabaseDialog.tsx(23,29): error TS6133: 'CardDescription' is declared but its value is never read.
src/components/ResetDatabaseDialog.tsx(415,33): error TS6133: 'countError' is declared but its value is never read.
src/components/ResetDatabaseDialog.tsx(468,33): error TS6133: 'countError' is declared but its value is never read.
src/components/ResetPasswordDialog.tsx(7,1): error TS6133: 'Input' is declared but its value is never read.
src/components/RolePermissionManagement.tsx(229,32): error TS6133: 'branchesLoading' is declared but its value is never read.
src/components/RolesTab.tsx(131,17): error TS2322: Type '{ rolePermissions: any; onUpdatePermission: (roleId: string, permissions: Record<string, boolean>) => Promise<void>; }' is not assignable to type 'IntrinsicAttributes'.
  Property 'rolePermissions' does not exist on type 'IntrinsicAttributes'.
src/components/SalaryConfigDialog.tsx(12,10): error TS6133: 'Calendar' is declared but its value is never read.
src/components/SalaryConfigDialog.tsx(12,32): error TS6133: 'Percent' is declared but its value is never read.
src/components/SalaryConfigDialog.tsx(33,7): error TS6133: 'commissionTypeOptions' is declared but its value is never read.
src/components/SalesCommissionReport.tsx(5,1): error TS6133: 'Input' is declared but its value is never read.
src/components/ServerSelector.tsx(25,10): error TS6133: 'isLoading' is declared but its value is never read.
src/components/ServiceMaterialUsageReport.tsx(22,38): error TS6133: 'isMovementsLoading' is declared but its value is never read.
src/components/StockConsumptionReport.tsx(13,44): error TS6133: 'subDays' is declared but its value is never read.
src/components/SupplierManagement.tsx(108,29): error TS2345: Argument of type 'CreateSupplierData | UpdateSupplierData' is not assignable to parameter of type 'CreateSupplierData'.
  Type 'UpdateSupplierData' is not assignable to type 'CreateSupplierData'.
    Types of property 'name' are incompatible.
      Type 'string | undefined' is not assignable to type 'string'.
        Type 'undefined' is not assignable to type 'string'.
src/components/ThemeToggle.tsx(3,1): error TS6133: 'React' is declared but its value is never read.
src/components/ThermalPanjarDialog.tsx(8,10): error TS6133: 'Printer' is declared but its value is never read.
src/components/ThermalPanjarDialog.tsx(127,60): error TS6133: 'index' is declared but its value is never read.
src/components/ThermalReceiptDialog.tsx(8,10): error TS6133: 'Printer' is declared but its value is never read.
src/components/TransactionTable.tsx(11,10): error TS6133: 'MoreHorizontal' is declared but its value is never read.
src/components/TransactionTable.tsx(50,23): error TS6133: 'TransactionStatus' is declared but its value is never read.
src/components/TransactionTable.tsx(59,1): error TS6133: 'UserRole' is declared but its value is never read.
src/components/TransactionTable.tsx(63,52): error TS6133: 'useDeliveries' is declared but its value is never read.
src/components/TransactionTable.tsx(351,9): error TS6133: 'getDeliveryStatus' is declared but its value is never read.
src/components/TransactionTable.tsx(883,11): error TS6133: 'ppnSum' is declared but its value is never read.
src/components/TransactionTable.tsx(884,11): error TS6133: 'subtotalSum' is declared but its value is never read.
src/components/ui/calendar.tsx(55,20): error TS6133: '_props' is declared but its value is never read.
src/components/ui/calendar.tsx(56,21): error TS6133: '_props' is declared but its value is never read.
src/components/ui/datetime-picker.tsx(4,40): error TS6133: 'setDate' is declared but its value is never read.
src/components/ui/datetime-picker.tsx(4,49): error TS6133: 'setMonth' is declared but its value is never read.
src/components/ui/datetime-picker.tsx(4,59): error TS6133: 'setYear' is declared but its value is never read.
src/components/ui/input.tsx(62,29): error TS2345: Argument of type 'string | number | readonly string[]' is not assignable to parameter of type 'string | number'.
  Type 'readonly string[]' is not assignable to type 'string | number'.
src/components/UserPermissionTab.tsx(152,9): error TS6133: 'getUserRolePermissions' is declared but its value is never read.
src/components/VPSServerSettings.tsx(120,59): error TS2554: Expected 1 arguments, but got 2.
src/components/VPSServerSettings.tsx(143,65): error TS2554: Expected 1 arguments, but got 2.
src/components/ZakatDialog.tsx(25,26): error TS6133: 'isLoading' is declared but its value is never read.
src/contexts/AuthContext.tsx(343,81): error TS6133: 'event' is declared but its value is never read.
src/contexts/AuthContext.tsx(361,50): error TS6133: 'event' is declared but its value is never read.
src/contexts/BranchContext.tsx(1,8): error TS6133: 'React' is declared but its value is never read.
src/contexts/BranchContext.tsx(1,65): error TS6133: 'useCallback' is declared but its value is never read.
src/contexts/BranchContext.tsx(23,9): error TS6133: 'queryClient' is declared but its value is never read.
src/contexts/BranchContext.tsx(24,9): error TS6133: 'toast' is declared but its value is never read.
src/contexts/BranchContext.tsx(61,41): error TS6133: 'profileError' is declared but its value is never read.
src/hooks/useAccountBalanceSummary.ts(3,10): error TS2305: Module '"@/contexts/BranchContext"' has no exported member 'useBranchContext'.
src/hooks/useAccounts.ts(178,13): error TS6133: 'merged' is declared but its value is never read.
src/hooks/useAccountsPayable.ts(2,27): error TS6133: 'PayablePayment' is declared but its value is never read.
src/hooks/useAccountsPayable.ts(6,1): error TS6133: 'generateSequentialId' is declared but its value is never read.
src/hooks/useAccountsPayable.ts(39,7): error TS6133: 'toDb' is declared but its value is never read.
src/hooks/useAccountsPayable.ts(56,9): error TS6133: 'user' is declared but its value is never read.
src/hooks/useAccountsPayable.ts(126,40): error TS6133: 'fetchError' is declared but its value is never read.
src/hooks/useAccountsPayable.ts(152,7): error TS6133: 'paymentAccountId' is declared but its value is never read.
src/hooks/useAccountsPayable.ts(153,7): error TS6133: 'liabilityAccountId' is declared but its value is never read.
src/hooks/useAssets.ts(493,24): error TS6133: 'period' is declared but its value is never read.
src/hooks/useCacheManager.ts(16,30): error TS2339: Property 'gcTime' does not exist on type 'QueryState<unknown, Error>'.
src/hooks/useCacheManager.ts(76,33): error TS2339: Property 'batch' does not exist on type 'QueryCache'.
src/hooks/useCacheManager.ts(98,23): error TS2339: Property 'isStale' does not exist on type 'QueryState<unknown, Error>'.
src/hooks/useCacheManager.ts(104,14): error TS2678: Type '"loading"' is not comparable to type 'QueryStatus'.
src/hooks/useCacheManager.ts(180,33): error TS2339: Property 'batch' does not exist on type 'QueryCache'.
src/hooks/useCacheManager.ts(210,33): error TS2339: Property 'batch' does not exist on type 'QueryCache'.
src/hooks/useCommissions.ts(19,15): error TS6133: 'data' is declared but its value is never read.
src/hooks/useCommissions.ts(85,21): error TS6133: 'tableCheck' is declared but its value is never read.
src/hooks/useCommissions.ts(182,38): error TS6133: 'startDate' is declared but its value is never read.
src/hooks/useCommissions.ts(182,56): error TS6133: 'endDate' is declared but its value is never read.
src/hooks/useCommissions.ts(182,72): error TS6133: 'role' is declared but its value is never read.
src/hooks/useCommissions.ts(210,15): error TS6133: 'data' is declared but its value is never read.
src/hooks/useCustomers.ts(8,26): error TS6133: 'canAccessAllBranches' is declared but its value is never read.
src/hooks/useDeliveries.ts(3,35): error TS6133: 'DeliveryItem' is declared but its value is never read.
src/hooks/useDrivers.ts(19,5): error TS2769: No overload matches this call.
  Overload 1 of 3, '(options: DefinedInitialDataOptions<Driver[], Error, Driver[], readonly unknown[]>, queryClient?: QueryClient | undefined): DefinedUseQueryResult<...>', gave the following error.
    Type '() => Promise<{ id: any; name: any; phone: any; license_number: null; is_active: true; }[]>' is not assignable to type 'QueryFunction<Driver[], readonly unknown[]>'.
      Type 'Promise<{ id: any; name: any; phone: any; license_number: null; is_active: true; }[]>' is not assignable to type 'Driver[] | Promise<Driver[]>'.
        Type 'Promise<{ id: any; name: any; phone: any; license_number: null; is_active: true; }[]>' is not assignable to type 'Promise<Driver[]>'.
          Type '{ id: any; name: any; phone: any; license_number: null; is_active: true; }[]' is not assignable to type 'Driver[]'.
            Type '{ id: any; name: any; phone: any; license_number: null; is_active: true; }' is not assignable to type 'Driver'.
              Types of property 'license_number' are incompatible.
                Type 'null' is not assignable to type 'string | undefined'.
  Overload 2 of 3, '(options: UndefinedInitialDataOptions<Driver[], Error, Driver[], readonly unknown[]>, queryClient?: QueryClient | undefined): UseQueryResult<...>', gave the following error.
    Type '() => Promise<{ id: any; name: any; phone: any; license_number: null; is_active: true; }[]>' is not assignable to type 'unique symbol | QueryFunction<Driver[], readonly unknown[], never> | undefined'.
      Type '() => Promise<{ id: any; name: any; phone: any; license_number: null; is_active: true; }[]>' is not assignable to type 'QueryFunction<Driver[], readonly unknown[], never>'.
        Type 'Promise<{ id: any; name: any; phone: any; license_number: null; is_active: true; }[]>' is not assignable to type 'Driver[] | Promise<Driver[]>'.
          Type 'Promise<{ id: any; name: any; phone: any; license_number: null; is_active: true; }[]>' is not assignable to type 'Promise<Driver[]>'.
            Type '{ id: any; name: any; phone: any; license_number: null; is_active: true; }[]' is not assignable to type 'Driver[]'.
              Type '{ id: any; name: any; phone: any; license_number: null; is_active: true; }' is not assignable to type 'Driver'.
                Types of property 'license_number' are incompatible.
                  Type 'null' is not assignable to type 'string | undefined'.
  Overload 3 of 3, '(options: UseQueryOptions<Driver[], Error, Driver[], readonly unknown[]>, queryClient?: QueryClient | undefined): UseQueryResult<Driver[], Error>', gave the following error.
    Type '() => Promise<{ id: any; name: any; phone: any; license_number: null; is_active: true; }[]>' is not assignable to type 'unique symbol | QueryFunction<Driver[], readonly unknown[], never> | undefined'.
      Type '() => Promise<{ id: any; name: any; phone: any; license_number: null; is_active: true; }[]>' is not assignable to type 'QueryFunction<Driver[], readonly unknown[], never>'.
        Type 'Promise<{ id: any; name: any; phone: any; license_number: null; is_active: true; }[]>' is not assignable to type 'Driver[] | Promise<Driver[]>'.
          Type 'Promise<{ id: any; name: any; phone: any; license_number: null; is_active: true; }[]>' is not assignable to type 'Promise<Driver[]>'.
            Type '{ id: any; name: any; phone: any; license_number: null; is_active: true; }[]' is not assignable to type 'Driver[]'.
              Type '{ id: any; name: any; phone: any; license_number: null; is_active: true; }' is not assignable to type 'Driver'.
                Types of property 'license_number' are incompatible.
                  Type 'null' is not assignable to type 'string | undefined'.
src/hooks/useEmployeeAdvances.ts(38,7): error TS6133: 'getPiutangKaryawanAccount' is declared but its value is never read.
src/hooks/useEmployeeAdvances.ts(87,7): error TS6133: 'fromAppToDb' is declared but its value is never read.
src/hooks/useEmployees.ts(262,17): error TS6133: 'data' is declared but its value is never read.
src/hooks/useExpenses.ts(46,9): error TS6133: 'user' is declared but its value is never read.
src/hooks/useJournalEntries.ts(8,3): error TS6133: 'JournalEntryLine' is declared but its value is never read.
src/hooks/useJournalEntries.ts(35,18): error TS2551: Property 'void_reason' does not exist on type 'DbJournalEntry'. Did you mean 'voided_reason'?
src/hooks/useJournalEntries.ts(53,9): error TS6133: 'user' is declared but its value is never read.
src/hooks/useMaterialPayments.ts(1,20): error TS6133: 'useMutation' is declared but its value is never read.
src/hooks/useMaterialPayments.ts(38,9): error TS6133: 'queryClient' is declared but its value is never read.
src/hooks/useMaterials.ts(39,26): error TS6133: 'canAccessAllBranches' is declared but its value is never read.
src/hooks/useOptimizedCommissions.ts(48,21): error TS6133: 'testData' is declared but its value is never read.
src/hooks/useOptimizedQuery.ts(18,9): error TS6133: 'queryClient' is declared but its value is never read.
src/hooks/useOptimizedQuery.ts(55,14): error TS2551: Property 'catch' does not exist on type 'PostgrestFilterBuilder<any, any, any, "log_performance", null>'. Did you mean 'match'?
src/hooks/useOptimizedQuery.ts(55,20): error TS7006: Parameter 'logError' implicitly has an 'any' type.
src/hooks/useOptimizedQuery.ts(65,5): error TS2769: No overload matches this call.
  Overload 1 of 3, '(options: DefinedInitialDataOptions<T, Error, T, readonly unknown[]>, queryClient?: QueryClient | undefined): DefinedUseQueryResult<NoInfer<T>, Error>', gave the following error.
    Object literal may only specify known properties, and 'cacheTime' does not exist in type 'DefinedInitialDataOptions<T, Error, T, readonly unknown[]>'.
  Overload 2 of 3, '(options: UndefinedInitialDataOptions<T, Error, T, readonly unknown[]>, queryClient?: QueryClient | undefined): UseQueryResult<NoInfer<T>, Error>', gave the following error.
    Object literal may only specify known properties, and 'cacheTime' does not exist in type 'UndefinedInitialDataOptions<T, Error, T, readonly unknown[]>'.
  Overload 3 of 3, '(options: UseQueryOptions<T, Error, T, readonly unknown[]>, queryClient?: QueryClient | undefined): UseQueryResult<NoInfer<T>, Error>', gave the following error.
    Object literal may only specify known properties, and 'cacheTime' does not exist in type 'UseQueryOptions<T, Error, T, readonly unknown[]>'.
src/hooks/useOptimizedQuery.ts(65,24): error TS2339: Property 'cacheTime' does not exist on type 'OptimizedQueryOptions<T> & { queryFn: () => Promise<T>; }'.
src/hooks/useOptimizedQuery.ts(81,51): error TS2322: Type 'string | null' is not assignable to type 'string'.
  Type 'null' is not assignable to type 'string'.
src/hooks/useOptimizedQuery.ts(81,65): error TS2322: Type 'number' is not assignable to type 'string'.
src/hooks/useOptimizedQuery.ts(81,72): error TS2322: Type 'number' is not assignable to type 'string'.
src/hooks/useOptimizedQuery.ts(162,47): error TS2322: Type 'string | null' is not assignable to type 'string'.
  Type 'null' is not assignable to type 'string'.
src/hooks/useOptimizedQuery.ts(162,63): error TS2322: Type 'number' is not assignable to type 'string'.
src/hooks/useOptimizedQuery.ts(263,48): error TS2322: Type 'number' is not assignable to type 'string'.
src/hooks/useOptimizedQuery.ts(311,5): error TS2353: Object literal may only specify known properties, and 'cacheTime' does not exist in type 'OptimizedQueryOptions<any> & { queryFn: () => Promise<any>; }'.
src/hooks/usePayroll.ts(131,9): error TS6133: 'user' is declared but its value is never read.
src/hooks/usePricing.ts(5,3): error TS6133: 'ProductPricing' is declared but its value is never read.
src/hooks/usePricing.ts(6,3): error TS6133: 'PriceCalculationResult' is declared but its value is never read.
src/hooks/usePricing.ts(11,3): error TS6133: 'CustomerPricing' is declared but its value is never read.
src/hooks/usePricing.ts(70,24): error TS6133: 'productId' is declared but its value is never read.
src/hooks/usePricing.ts(82,24): error TS6133: 'productId' is declared but its value is never read.
src/hooks/usePricing.ts(94,24): error TS6133: 'productId' is declared but its value is never read.
src/hooks/usePricing.ts(106,24): error TS6133: 'productId' is declared but its value is never read.
src/hooks/usePricing.ts(156,24): error TS6133: 'productId' is declared but its value is never read.
src/hooks/usePricing.ts(171,24): error TS6133: 'productId' is declared but its value is never read.
src/hooks/useProducts.ts(7,1): error TS6133: 'restoreStockFIFO' is declared but its value is never read.
src/hooks/useProducts.ts(75,26): error TS6133: 'canAccessAllBranches' is declared but its value is never read.
src/hooks/useProducts.ts(239,37): error TS6133: 'newStock' is declared but its value is never read.
src/hooks/useProductStockMovements.ts(65,17): error TS2339: Property 'profile' does not exist on type 'AuthContextType'.
src/hooks/useProductStockMovements.ts(190,9): error TS2345: Argument of type '"stock_in"' is not assignable to parameter of type '"delivery" | "transaction" | "production"'.
src/hooks/useProductStockMovements.ts(254,11): error TS2345: Argument of type '"void_movement"' is not assignable to parameter of type '"delivery" | "transaction" | "production"'.
src/hooks/useProductStockMovements.ts(268,11): error TS2345: Argument of type '"void_movement"' is not assignable to parameter of type '"delivery" | "transaction" | "production"'.
src/hooks/useRetasi.ts(3,83): error TS6133: 'CreateRetasiItemData' is declared but its value is never read.
src/hooks/useRetasi.ts(56,7): error TS6133: 'toDb' is declared but its value is never read.
src/hooks/useSecurityMonitoring.ts(4,40): error TS6133: 'apiRateLimit' is declared but its value is never read.
src/hooks/useSecurityMonitoring.ts(4,54): error TS6133: 'getUserRateLimitKey' is declared but its value is never read.
src/hooks/useStableSelector.ts(47,23): error TS2345: Argument of type 'DependencyList' is not assignable to parameter of type 'any[]'.
  The type 'DependencyList' is 'readonly' and cannot be assigned to the mutable type 'any[]'.
src/hooks/useSuppliers.ts(5,3): error TS6133: 'SupplierMaterial' is declared but its value is never read.
src/hooks/useTransactionPayments.ts(37,20): error TS2352: Conversion of type '{ id: any; payment_date: any; amount: any; payment_method: any; notes: any; created_at: any; created_by: any; }[]' to type 'PaymentRecord[]' may be a mistake because neither type sufficiently overlaps with the other. If this was intentional, convert the expression to 'unknown' first.
  Property 'created_by_name' is missing in type '{ id: any; payment_date: any; amount: any; payment_method: any; notes: any; created_at: any; created_by: any; }' but required in type 'PaymentRecord'.
src/hooks/useTransactions.ts(4,1): error TS6133: 'useExpenses' is declared but its value is never read.
src/hooks/useTransactions.ts(8,1): error TS6192: All imports in import declaration are unused.
src/hooks/useTransactions.ts(19,7): error TS6133: 'fromDbToAppAccount' is declared but its value is never read.
src/hooks/useTransactions.ts(98,5): error TS2322: Type 'null' is not assignable to type 'string | undefined'.
src/hooks/useTransactions.ts(178,40): error TS2339: Property 'paymentMethod' does not exist on type 'Omit<Transaction, "createdAt">'.
src/hooks/useTransactions.ts(283,44): error TS2339: Property 'paymentMethod' does not exist on type 'Transaction'.
src/hooks/useTransactions.ts(324,7): error TS6133: 'accountId' is declared but its value is never read.
src/hooks/useTransactions.ts(325,7): error TS6133: 'accountName' is declared but its value is never read.
src/pages/AccountDetailPage.tsx(12,1): error TS6192: All imports in import declaration are unused.
src/pages/AccountDetailPage.tsx(23,9): error TS7022: 'userIsOwner' implicitly has type 'any' because it does not have a type annotation and is referenced directly or indirectly in its own initializer.
src/pages/AccountDetailPage.tsx(23,23): error TS2448: Block-scoped variable 'userIsOwner' used before its declaration.
src/pages/AccountDetailPage.tsx(24,9): error TS7022: 'userIsAdminOrOwner' implicitly has type 'any' because it does not have a type annotation and is referenced directly or indirectly in its own initializer.
src/pages/AccountDetailPage.tsx(24,30): error TS2448: Block-scoped variable 'userIsAdminOrOwner' used before its declaration.
src/pages/AccountsPayablePage.tsx(11,93): error TS6133: 'DialogTrigger' is declared but its value is never read.
src/pages/AccountsPayablePage.tsx(25,1): error TS6133: 'supabase' is declared but its value is never read.
src/pages/AccountsPayablePage.tsx(26,10): error TS6133: 'formatNumberWithCommas' is declared but its value is never read.
src/pages/AccountsPayablePage.tsx(401,29): error TS2322: Type 'boolean | 0 | undefined' is not assignable to type 'boolean | undefined'.
  Type '0' is not assignable to type 'boolean | undefined'.
src/pages/AssetsPage.tsx(14,3): error TS6133: 'Calendar' is declared but its value is never read.
src/pages/AssetsPage.tsx(25,55): error TS6133: 'useCalculateAssetValue' is declared but its value is never read.
src/pages/AssetsPage.tsx(204,40): error TS2339: Property 'totalCurrentValue' does not exist on type 'AssetSummary'.
src/pages/AssetsPage.tsx(216,59): error TS2339: Property 'maintenanceCount' does not exist on type 'AssetSummary'.
src/pages/BranchManagementPage.tsx(92,9): error TS2322: Type '{ managerId: string | null; address: string | null; phone: string | null; email: string | null; managerName: string | null; companyId: string; name: string; code: string; isActive: boolean; }' is not assignable to type 'Partial<Branch>'.
  Types of property 'address' are incompatible.
    Type 'string | null' is not assignable to type 'string | undefined'.
      Type 'null' is not assignable to type 'string | undefined'.
src/pages/ChartOfAccountsPage.tsx(3,8): error TS6133: 'React' is declared but its value is never read.
src/pages/ChartOfAccountsPage.tsx(522,9): error TS6133: 'handleOpenSyncDialog' is declared but its value is never read.
src/pages/ChartOfAccountsPage.tsx(687,9): error TS6133: 'handleOpenAllOpeningDialog' is declared but its value is never read.
src/pages/ChartOfAccountsPage.tsx(792,9): error TS6133: 'handleOpenSyncAllDialog' is declared but its value is never read.
src/pages/ChartOfAccountsPage.tsx(926,39): error TS2304: Cannot find name 'createInventoryOpeningBalanceJournal'.
src/pages/ChartOfAccountsPage.tsx(945,37): error TS2304: Cannot find name 'createAllOpeningBalanceJournal'.
src/pages/ChartOfAccountsPage.tsx(1032,70): error TS2339: Property '0' does not exist on type 'Account[] | undefined'.
src/pages/ChartOfAccountsPage.tsx(1131,19): error TS2345: Argument of type '{ code: string; name: string; type: any; isHeader: false; isPaymentAccount: false; initialBalance: number; }' is not assignable to parameter of type 'SetStateAction<{ code: string; name: string; type: "Aset" | "Kewajiban" | "Modal" | "Pendapatan" | "Beban"; isHeader: boolean; isPaymentAccount: boolean; initialBalance: number; employeeId: string; }>'.
  Property 'employeeId' is missing in type '{ code: string; name: string; type: any; isHeader: false; isPaymentAccount: false; initialBalance: number; }' but required in type '{ code: string; name: string; type: "Aset" | "Kewajiban" | "Modal" | "Pendapatan" | "Beban"; isHeader: boolean; isPaymentAccount: boolean; initialBalance: number; employeeId: string; }'.
src/pages/CommissionReportPage.tsx(151,17): error TS6133: 'error' is declared but its value is never read.
src/pages/CommissionReportPage.tsx(296,22): error TS2339: Property 'productSku' does not exist on type 'CommissionEntry'.
src/pages/CommissionReportPage.tsx(353,18): error TS6133: 'userId' is declared but its value is never read.
src/pages/CommissionReportPage.tsx(669,34): error TS2339: Property 'productSku' does not exist on type 'CommissionEntry'.
src/pages/CommissionReportPage.tsx(671,38): error TS2339: Property 'productSku' does not exist on type 'CommissionEntry'.
src/pages/CustomerMapPage.tsx(15,33): error TS2339: Property 'refetch' does not exist on type '{ customers: Customer[] | undefined; isLoading: boolean; addCustomer: UseMutationResult<Customer, Error, Omit<Customer, "id" | "createdAt" | "orderCount">, unknown>; updateCustomer: UseMutationResult<...>; deleteCustomer: UseMutationResult<...>; }'.
src/pages/CustomerMapPage.tsx(111,33): error TS6133: 'customer' is declared but its value is never read.
src/pages/CustomerPage.tsx(3,29): error TS6133: 'CardDescription' is declared but its value is never read.
src/pages/DashboardPage.tsx(1,1): error TS6133: 'React' is declared but its value is never read.
src/pages/DeliveryPage.tsx(5,29): error TS6133: 'CardDescription' is declared but its value is never read.
src/pages/DeliveryPage.tsx(19,78): error TS6133: 'Plus' is declared but its value is never read.
src/pages/DeliveryPage.tsx(19,124): error TS6133: 'Calendar' is declared but its value is never read.
src/pages/DeliveryPage.tsx(51,11): error TS6133: 'canCreateDelivery' is declared but its value is never read.
src/pages/DeliveryPage.tsx(142,7): error TS18048: 'delivery.customerName' is possibly 'undefined'.
src/pages/DeliveryPage.tsx(244,19): error TS2345: Argument of type 'undefined' is not assignable to parameter of type 'string'.
src/pages/DeliveryPage.tsx(249,19): error TS2345: Argument of type 'undefined' is not assignable to parameter of type 'string'.
src/pages/DeliveryPage.tsx(307,9): error TS2322: Type '(string | undefined)[][]' is not assignable to type 'RowInput[]'.
  Type '(string | undefined)[]' is not assignable to type 'RowInput'.
    Type '(string | undefined)[]' is not assignable to type 'CellInput[]'.
      Type 'string | undefined' is not assignable to type 'CellInput'.
        Type 'undefined' is not assignable to type 'CellInput'.
src/pages/DeliveryPage.tsx(765,52): error TS2322: Type 'string | undefined' is not assignable to type 'string'.
  Type 'undefined' is not assignable to type 'string'.
src/pages/DeliveryPage.tsx(780,52): error TS2322: Type 'string | undefined' is not assignable to type 'string'.
  Type 'undefined' is not assignable to type 'string'.
src/pages/DriverPosPage.tsx(5,29): error TS6133: 'CardDescription' is declared but its value is never read.
src/pages/DriverPosPage.tsx(16,1): error TS6133: 'useBranch' is declared but its value is never read.
src/pages/DriverPosPage.tsx(138,47): error TS2367: This comparison appears to be unintentional because the types '"cashier" | "designer" | "operator" | "admin" | "supervisor" | "owner" | "me" | "ceo" | "helper" | "sales" | "super_admin" | "head_office_admin" | "branch_admin" | undefined' and '"supir"' have no overlap.
src/pages/DriverPosPage.tsx(139,47): error TS2367: This comparison appears to be unintentional because the types '"cashier" | "designer" | "operator" | "admin" | "supervisor" | "owner" | "me" | "ceo" | "driver" | "sales" | "super_admin" | "head_office_admin" | "branch_admin" | undefined' and '"pembantu"' have no overlap.
src/pages/DriverPosPage.tsx(530,14): error TS18048: 'selectedCustomerData.jumlah_galon_titip' is possibly 'undefined'.
src/pages/EmployeePage.tsx(22,3): error TS6133: 'AlertTriangle' is declared but its value is never read.
src/pages/EmployeePage.tsx(73,37): error TS6133: 'isLoadingSalaries' is declared but its value is never read.
src/pages/FinancialReportsPage.tsx(3,8): error TS6133: 'React' is declared but its value is never read.
src/pages/FinancialReportsPage.tsx(12,3): error TS6133: 'DollarSign' is declared but its value is never read.
src/pages/FinancialReportsPage.tsx(14,3): error TS6133: 'FileText' is declared but its value is never read.
src/pages/FinancialReportsPage.tsx(15,3): error TS6133: 'Calendar' is declared but its value is never read.
src/pages/FinancialReportsPage.tsx(22,3): error TS6133: 'CreditCard' is declared but its value is never read.
src/pages/FinancialReportsPage.tsx(80,45): error TS6133: 'canAccessAllBranches' is declared but its value is never read.
src/pages/FinancialReportsPage.tsx(219,73): error TS2554: Expected 2 arguments, but got 3.
src/pages/LoginPage.tsx(145,17): error TS2783: 'name' is specified more than once, so this usage will be overwritten.
src/pages/LoginPage.tsx(156,17): error TS2783: 'name' is specified more than once, so this usage will be overwritten.
src/pages/MaintenancePage.tsx(12,3): error TS6133: 'Wrench' is declared but its value is never read.
src/pages/MaintenancePage.tsx(19,3): error TS6133: 'User' is declared but its value is never read.
src/pages/MaintenancePage.tsx(20,3): error TS6133: 'FileText' is declared but its value is never read.
src/pages/MobileCommissionPage.tsx(10,26): error TS6133: 'Package' is declared but its value is never read.
src/pages/MobileCommissionPage.tsx(10,54): error TS6133: 'Truck' is declared but its value is never read.
src/pages/MobileCommissionPage.tsx(10,61): error TS6133: 'Store' is declared but its value is never read.
src/pages/MobileCommissionPage.tsx(10,68): error TS6133: 'Users' is declared but its value is never read.
src/pages/MobileCommissionPage.tsx(10,75): error TS6133: 'TrendingUp' is declared but its value is never read.
src/pages/MobileCommissionPage.tsx(19,9): error TS6133: 'users' is declared but its value is never read.
src/pages/MobileRetasiPage.tsx(14,3): error TS6133: 'CheckCircle' is declared but its value is never read.
src/pages/MobileRetasiPage.tsx(17,3): error TS6133: 'ShoppingCart' is declared but its value is never read.
src/pages/MobileRetasiPage.tsx(298,9): error TS2322: Type 'never[] | NonNullable<NoInfer<TQueryFnData>>' is not assignable to type '{ id: string; name: string; }[]'.
  Type '{}' is missing the following properties from type '{ id: string; name: string; }[]': length, pop, push, concat, and 35 more.
src/pages/MobileRetasiPage.tsx(451,49): error TS2304: Cannot find name 'timezone'.
src/pages/MobileSoldItemsPage.tsx(8,87): error TS6133: 'ChevronDown' is declared but its value is never read.
src/pages/MobileSoldItemsPage.tsx(8,100): error TS6133: 'ChevronUp' is declared but its value is never read.
src/pages/PayrollPage.tsx(57,37): error TS6133: 'isLoadingSalaries' is declared but its value is never read.
src/pages/PayrollPage.tsx(215,9): error TS2322: Type '(string | number | undefined)[]' is not assignable to type 'RowInput'.
  Type '(string | number | undefined)[]' is not assignable to type 'CellInput[]'.
    Type 'string | number | undefined' is not assignable to type 'CellInput'.
      Type 'undefined' is not assignable to type 'CellInput'.
src/pages/PayrollPage.tsx(228,11): error TS2322: Type 'string | number | undefined' is not assignable to type 'CellInput'.
  Type 'undefined' is not assignable to type 'CellInput'.
src/pages/PayrollPage.tsx(229,11): error TS2322: Type 'string | number | undefined' is not assignable to type 'CellInput'.
  Type 'undefined' is not assignable to type 'CellInput'.
src/pages/PayrollPage.tsx(230,11): error TS2322: Type 'string | number | undefined' is not assignable to type 'CellInput'.
  Type 'undefined' is not assignable to type 'CellInput'.
src/pages/PayrollPage.tsx(231,11): error TS2322: Type 'string | number | undefined' is not assignable to type 'CellInput'.
  Type 'undefined' is not assignable to type 'CellInput'.
src/pages/PayrollPage.tsx(232,11): error TS2322: Type 'string | number | undefined' is not assignable to type 'CellInput'.
  Type 'undefined' is not assignable to type 'CellInput'.
src/pages/PayrollPage.tsx(233,11): error TS2322: Type 'string | number | undefined' is not assignable to type 'CellInput'.
  Type 'undefined' is not assignable to type 'CellInput'.
src/pages/PayrollPage.tsx(234,11): error TS2322: Type 'string | number | undefined' is not assignable to type 'CellInput'.
  Type 'undefined' is not assignable to type 'CellInput'.
src/pages/PayrollPage.tsx(235,11): error TS2322: Type 'string | number | undefined' is not assignable to type 'CellInput'.
  Type 'undefined' is not assignable to type 'CellInput'.
src/pages/PayrollPage.tsx(236,11): error TS2322: Type 'string | number | undefined' is not assignable to type 'CellInput'.
  Type 'undefined' is not assignable to type 'CellInput'.
src/pages/ProductDetailPage.tsx(94,53): error TS2339: Property 'category' does not exist on type 'Product'.
src/pages/ProductionPage.tsx(3,40): error TS6133: 'useCallback' is declared but its value is never read.
src/pages/ProductionPage.tsx(18,18): error TS6133: 'Package' is declared but its value is never read.
src/pages/ProductionPage.tsx(20,24): error TS6133: 'formatMoney' is declared but its value is never read.
src/pages/ProductionPage.tsx(25,33): error TS6133: 'isLoadingMaterials' is declared but its value is never read.
src/pages/ProductPage.tsx(26,9): error TS6133: 'user' is declared but its value is never read.
src/pages/PurchaseOrderPage.tsx(2,1): error TS6133: 'useState' is declared but its value is never read.
src/pages/RetasiPage.tsx(21,3): error TS6133: 'Truck' is declared but its value is never read.
src/pages/RetasiPage.tsx(23,3): error TS6133: 'Calendar' is declared but its value is never read.
src/pages/RetasiPage.tsx(28,3): error TS6133: 'Clock' is declared but its value is never read.
src/pages/RetasiPage.tsx(29,3): error TS6133: 'MapPin' is declared but its value is never read.
src/pages/RetasiPage.tsx(34,3): error TS6133: 'FileText' is declared but its value is never read.
src/pages/RetasiPage.tsx(57,9): error TS6133: 'timezone' is declared but its value is never read.
src/pages/RetasiPage.tsx(109,23): error TS6133: 'stats' is declared but its value is never read.
src/pages/RetasiPage.tsx(325,15): error TS2322: Type 'never[] | NonNullable<NoInfer<TQueryFnData>>' is not assignable to type '{ id: string; name: string; }[]'.
  Type '{}' is missing the following properties from type '{ id: string; name: string; }[]': length, pop, push, concat, and 35 more.
src/pages/RetasiPage.tsx(365,30): error TS2339: Property 'map' does not exist on type 'never[] | NonNullable<NoInfer<TQueryFnData>>'.
  Property 'map' does not exist on type 'NonNullable<NoInfer<TQueryFnData>>'.
src/pages/RetasiPage.tsx(365,35): error TS7006: Parameter 'driver' implicitly has an 'any' type.
src/pages/RetasiPage.tsx(669,11): error TS2322: Type 'never[] | NonNullable<NoInfer<TQueryFnData>>' is not assignable to type '{ id: string; name: string; }[]'.
  Type '{}' is missing the following properties from type '{ id: string; name: string; }[]': length, pop, push, concat, and 35 more.
src/pages/RetasiPage.tsx(844,9): error TS2322: Type 'string' is not assignable to type 'Date'.
src/pages/RetasiPage.tsx(1072,10): error TS6133: 'RetasiDetailDialog' is declared but its value is never read.
src/pages/RetasiPage.tsx(1235,40): error TS6133: 'idx' is declared but its value is never read.
src/pages/TransactionDetailPage.tsx(4,29): error TS6133: 'CardDescription' is declared but its value is never read.
src/pages/TransactionDetailPage.tsx(27,42): error TS6133: 'isLoadingDelivery' is declared but its value is never read.
src/pages/TransactionDetailPage.tsx(27,68): error TS6133: 'deliveryError' is declared but its value is never read.
src/pages/TransactionDetailPage.tsx(29,9): error TS6133: 'toast' is declared but its value is never read.
src/pages/WebManagementPage.tsx(44,3): error TS6133: 'Settings' is declared but its value is never read.
src/pages/WebManagementPage.tsx(193,9): error TS6133: 'currentBranch' is declared but its value is never read.
src/pages/WebManagementPage.tsx(194,9): error TS6133: 'toast' is declared but its value is never read.
src/pages/WebManagementPage.tsx(290,15): error TS6133: 'data' is declared but its value is never read.
src/pages/WebManagementPage.tsx(767,10): error TS6133: 'selectedFile' is declared but its value is never read.
src/pages/ZakatPage.tsx(12,3): error TS6133: 'DollarSign' is declared but its value is never read.
src/services/bluetoothPrintService.ts(6,21): error TS6133: 'BleDevice' is declared but its value is never read.
src/services/bluetoothPrintService.ts(6,32): error TS6133: 'numberToUUID' is declared but its value is never read.
src/services/bluetoothPrintService.ts(10,7): error TS6133: 'PRINTER_SERVICE_UUID' is declared but its value is never read.
src/services/bluetoothPrintService.ts(11,7): error TS6133: 'PRINTER_CHARACTERISTIC_UUID' is declared but its value is never read.
src/services/bluetoothPrintService.ts(21,7): error TS6133: 'ALT_CHARACTERISTIC_UUIDS' is declared but its value is never read.
src/services/bluetoothPrintService.ts(141,19): error TS6133: 'isPrinterLikely' is declared but its value is never read.
src/services/closingEntryService.ts(46,16): error TS6133: 'getOrCreateIkhtisarLabaRugi' is declared but its value is never read.
src/services/closingEntryService.ts(89,16): error TS6133: 'getLabaDitahanAccount' is declared but its value is never read.
src/services/materialMovementService.ts(4,10): error TS6133: 'MaterialMovement' is declared but its value is never read.
src/services/materialMovementService.ts(106,24): error TS6133: '_updateMaterialStocks_DEPRECATED' is declared but its value is never read.
src/services/quotationService.ts(302,11): error TS2322: Type 'string | undefined' is not assignable to type 'string'.
  Type 'undefined' is not assignable to type 'string'.
src/types/production.ts(1,1): error TS6133: 'Product' is declared but its value is never read.
src/types/production.ts(2,1): error TS6133: 'Material' is declared but its value is never read.
src/utils/chartOfAccountsUtils.ts(6,36): error TS2305: Module '"@/types/account"' has no exported member 'CoATemplate'.
src/utils/chartOfAccountsUtils.ts(277,18): error TS2820: Type '"ASET"' is not assignable to type 'AccountCategory'. Did you mean '"asset"'?
src/utils/chartOfAccountsUtils.ts(278,23): error TS2322: Type '"KEWAJIBAN"' is not assignable to type 'AccountCategory'.
src/utils/chartOfAccountsUtils.ts(279,19): error TS2322: Type '"MODAL"' is not assignable to type 'AccountCategory'.
src/utils/chartOfAccountsUtils.ts(280,24): error TS2322: Type '"PENDAPATAN"' is not assignable to type 'AccountCategory'.
src/utils/chartOfAccountsUtils.ts(281,19): error TS2322: Type '"BEBAN_OPERASIONAL"' is not assignable to type 'AccountCategory'.
src/utils/chartOfAccountsUtils.ts(282,14): error TS2820: Type '"ASET"' is not assignable to type 'AccountCategory'. Did you mean '"asset"'?
src/utils/chartOfAccountsUtils.ts(291,10): error TS2678: Type '"ASET"' is not comparable to type 'AccountCategory'.
src/utils/chartOfAccountsUtils.ts(292,10): error TS2678: Type '"HPP"' is not comparable to type 'AccountCategory'.
src/utils/chartOfAccountsUtils.ts(293,10): error TS2678: Type '"BEBAN_OPERASIONAL"' is not comparable to type 'AccountCategory'.
src/utils/chartOfAccountsUtils.ts(294,10): error TS2678: Type '"BEBAN_NON_OPERASIONAL"' is not comparable to type 'AccountCategory'.
src/utils/chartOfAccountsUtils.ts(295,7): error TS2820: Type '"DEBIT"' is not assignable to type 'NormalBalance'. Did you mean '"debit"'?
src/utils/chartOfAccountsUtils.ts(296,10): error TS2678: Type '"KEWAJIBAN"' is not comparable to type 'AccountCategory'.
src/utils/chartOfAccountsUtils.ts(297,10): error TS2678: Type '"MODAL"' is not comparable to type 'AccountCategory'.
src/utils/chartOfAccountsUtils.ts(298,10): error TS2678: Type '"PENDAPATAN"' is not comparable to type 'AccountCategory'.
src/utils/chartOfAccountsUtils.ts(299,10): error TS2678: Type '"PENDAPATAN_NON_OPERASIONAL"' is not comparable to type 'AccountCategory'.
src/utils/chartOfAccountsUtils.ts(300,7): error TS2820: Type '"CREDIT"' is not assignable to type 'NormalBalance'. Did you mean '"credit"'?
src/utils/chartOfAccountsUtils.ts(302,7): error TS2820: Type '"DEBIT"' is not assignable to type 'NormalBalance'. Did you mean '"debit"'?
src/utils/chartOfAccountsUtils.ts(310,25): error TS2367: This comparison appears to be unintentional because the types 'NormalBalance | undefined' and '"DEBIT"' have no overlap.
src/utils/customerVisitUtils.ts(19,11): error TS6196: 'DbCustomerVisit' is declared but never used.
src/utils/financialIntegration.ts(122,19): error TS6133: 'deletedExpenses' is declared but its value is never read.
src/utils/financialStatementsUtils.ts(581,9): error TS6133: 'totalAccountsPayable' is declared but its value is never read.
src/utils/financialStatementsUtils.ts(591,9): error TS6133: 'totalPayrollLiabilities' is declared but its value is never read.
src/utils/financialStatementsUtils.ts(760,37): error TS2304: Cannot find name 'AccountWithBalance'.
src/utils/financialStatementsUtils.ts(1261,9): error TS2322: Type '{ accountId: string; accountCode: string; accountName: string; amount: number; formattedAmount: string; source: "manual_journal"; }[]' is not assignable to type 'IncomeStatementItem[]'.
  Type '{ accountId: string; accountCode: string; accountName: string; amount: number; formattedAmount: string; source: "manual_journal"; }' is not assignable to type 'IncomeStatementItem'.
    Types of property 'source' are incompatible.
      Type '"manual_journal"' is not assignable to type '"transactions" | "journal" | "expenses" | "calculated"'.
src/utils/financialStatementsUtils.ts(1289,9): error TS2322: Type '{ accountId: string; accountCode: string; accountName: string; amount: number; formattedAmount: string; source: "manual_journal"; }[]' is not assignable to type 'IncomeStatementItem[]'.
  Type '{ accountId: string; accountCode: string; accountName: string; amount: number; formattedAmount: string; source: "manual_journal"; }' is not assignable to type 'IncomeStatementItem'.
    Types of property 'source' are incompatible.
      Type '"manual_journal"' is not assignable to type '"transactions" | "journal" | "expenses" | "calculated"'.
src/utils/financialStatementsUtils.ts(1325,9): error TS2322: Type '{ accountId: string; accountCode: string; accountName: string; amount: number; formattedAmount: string; source: "manual_journal"; }[]' is not assignable to type 'IncomeStatementItem[]'.
  Type '{ accountId: string; accountCode: string; accountName: string; amount: number; formattedAmount: string; source: "manual_journal"; }' is not assignable to type 'IncomeStatementItem'.
    Types of property 'source' are incompatible.
      Type '"manual_journal"' is not assignable to type '"transactions" | "journal" | "expenses" | "calculated"'.
src/utils/financialStatementsUtils.ts(1358,9): error TS2322: Type '{ accountId: string; accountCode: string; accountName: string; amount: number; formattedAmount: string; source: "manual_journal"; }[]' is not assignable to type 'IncomeStatementItem[]'.
  Type '{ accountId: string; accountCode: string; accountName: string; amount: number; formattedAmount: string; source: "manual_journal"; }' is not assignable to type 'IncomeStatementItem'.
    Types of property 'source' are incompatible.
      Type '"manual_journal"' is not assignable to type '"transactions" | "journal" | "expenses" | "calculated"'.
src/utils/financialStatementsUtils.ts(1372,9): error TS2322: Type '{ accountId: string; accountCode: string; accountName: string; amount: number; formattedAmount: string; source: "manual_journal"; }[]' is not assignable to type 'IncomeStatementItem[]'.
  Type '{ accountId: string; accountCode: string; accountName: string; amount: number; formattedAmount: string; source: "manual_journal"; }' is not assignable to type 'IncomeStatementItem'.
    Types of property 'source' are incompatible.
      Type '"manual_journal"' is not assignable to type '"transactions" | "journal" | "expenses" | "calculated"'.
src/utils/pdfUtils.ts(16,9): error TS2339: Property 'compress' does not exist on type 'jsPDF'.
src/utils/rateLimiter.ts(100,5): error TS6133: 'target' is declared but its value is never read.
src/utils/rateLimiter.ts(101,5): error TS6133: 'propertyKey' is declared but its value is never read.
src/utils/renderOptimization.ts(70,29): error TS2352: Conversion of type 'MemoExoticComponent<T>' to type 'T' may be a mistake because neither type sufficiently overlaps with the other. If this was intentional, convert the expression to 'unknown' first.
  'MemoExoticComponent<T>' is assignable to the constraint of type 'T', but 'T' could be instantiated with a different subtype of constraint 'ComponentType<any>'.
